c:\users\filip\source\repos\playfair_cipher_project\playfair_asm_dll\x64\debug\vc143.pdb
c:\users\filip\source\repos\playfair_cipher_project\playfair_asm_dll\x64\debug\vc143.idb
c:\users\filip\source\repos\playfair_cipher_project\playfair_asm_dll\x64\debug\playfair_asm_wrapper.obj
c:\users\filip\source\repos\playfair_cipher_project\playfair_asm_dll\x64\debug\dllmain.obj
c:\users\filip\source\repos\playfair_cipher_project\x64\debug\playfair_asm_dll.dll
c:\users\filip\source\repos\playfair_cipher_project\x64\debug\playfair_asm_dll.pdb
c:\users\filip\source\repos\playfair_cipher_project\playfair_asm_dll\x64\debug\playfair_asm.obj
c:\users\filip\source\repos\playfair_cipher_project\x64\debug\playfair_asm_dll.lib
c:\users\filip\source\repos\playfair_cipher_project\x64\debug\playfair_asm_dll.exp
c:\users\filip\source\repos\playfair_cipher_project\playfair_asm_dll\x64\debug\playfair_asm_dll.ilk
c:\users\filip\source\repos\playfair_cipher_project\playfair_asm_dll\x64\debug\playfair_asm_dll.tlog\cl.command.1.tlog
c:\users\filip\source\repos\playfair_cipher_project\playfair_asm_dll\x64\debug\playfair_asm_dll.tlog\cl.items.tlog
c:\users\filip\source\repos\playfair_cipher_project\playfair_asm_dll\x64\debug\playfair_asm_dll.tlog\cl.read.1.tlog
c:\users\filip\source\repos\playfair_cipher_project\playfair_asm_dll\x64\debug\playfair_asm_dll.tlog\cl.write.1.tlog
c:\users\filip\source\repos\playfair_cipher_project\playfair_asm_dll\x64\debug\playfair_asm_dll.tlog\link.command.1.tlog
c:\users\filip\source\repos\playfair_cipher_project\playfair_asm_dll\x64\debug\playfair_asm_dll.tlog\link.read.1.tlog
c:\users\filip\source\repos\playfair_cipher_project\playfair_asm_dll\x64\debug\playfair_asm_dll.tlog\link.secondary.1.tlog
c:\users\filip\source\repos\playfair_cipher_project\playfair_asm_dll\x64\debug\playfair_asm_dll.tlog\link.write.1.tlog
c:\users\filip\source\repos\playfair_cipher_project\playfair_asm_dll\x64\debug\playfair_asm_dll.tlog\masm.read.1u.tlog
c:\users\filip\source\repos\playfair_cipher_project\playfair_asm_dll\x64\debug\playfair_asm_dll.tlog\masm.write.1u.tlog
